// Jest Snapshot v1, https://goo.gl/fbAQLP

exports[`Renders TitleSubhome component on homepage 1`] = `
<div>
  <div
    class="header-home undefined"
  >
    <span
      class="header-home__subtitle"
    >
      If this is your first Bach
    </span>
    <h1
      class="header-home__title"
    >
      We'd like to think of
    </h1>
  </div>
</div>
`;
