// Jest Snapshot v1, https://goo.gl/fbAQLP

exports[`Test 1`] = `
<div>
  <div
    class="layout modern"
  >
    <div>
      <div
        class="page-header page-header--only undefined"
      >
        <div
          class="header-home undefined"
        >
          <span
            class="header-home__subtitle"
          >
            BACH, THE UNIVERSE & EVERYTHING
          </span>
          <h1
            class="header-home__title"
          >
            Can You Hear The Shape of The Drum?
          </h1>
        </div>
      </div>
      <div
        class="schedule"
      >
        <div
          class="schedule-item"
        >
          <div
            class="schedule-item__top"
          >
            <span
              class="schedule-item__headers"
            >
              <h3
                class="schedule-item__header"
              >
                Welcome
              </h3>
              <p
                class="schedule-item__subheader"
              />
            </span>
            <span
              class="schedule-item__button-container"
            >
              <img
                alt=""
                class="schedule-item__button"
                role="button"
                src=""
              />
            </span>
          </div>
          <hr
            class="schedule-item__hr"
          />
        </div>
        <div
          class="schedule-item"
        >
          <div
            class="schedule-item__top"
          >
            <span
              class="schedule-item__headers"
            >
              <h3
                class="schedule-item__header"
              >
                header
              </h3>
              <p
                class="schedule-item__subheader"
              >
                subheader
              </p>
            </span>
            <span
              class="schedule-item__button-container"
            >
              <img
                alt=""
                class="schedule-item__button"
                role="button"
                src="chevron-down.png"
              />
            </span>
          </div>
          <hr
            class="schedule-item__hr"
          />
        </div>
        <div
          class="schedule-item"
        >
          <div
            class="schedule-item__top"
          >
            <span
              class="schedule-item__headers"
            >
              <h3
                class="schedule-item__header"
              >
                header
              </h3>
              <p
                class="schedule-item__subheader"
              >
                subheader
              </p>
            </span>
            <span
              class="schedule-item__button-container"
            >
              <img
                alt=""
                class="schedule-item__button"
                role="button"
                src="chevron-down.png"
              />
            </span>
          </div>
          <hr
            class="schedule-item__hr"
          />
        </div>
      </div>
    </div>
    <nav
      class="navbar"
    >
      <div
        class="navbar__content"
      >
        <a
          class="navbar__schedule-link"
          href="/6bb8ffe8-6e5e-4abc-be7f-b05b749849cf/event-schedule"
        >
          <img
            alt="schedule icon"
            class="navbar__icon"
            src="schedule.svg"
          />
        </a>
        <span
          class="navbar__title"
        >
          SCHEDULE
        </span>
      </div>
      <div
        class="navbar__content"
      >
        <a
          class="navbar__home-link"
          href="/6bb8ffe8-6e5e-4abc-be7f-b05b749849cf"
        >
          <img
            alt="home icon"
            class="navbar__icon"
            src="home.svg"
          />
        </a>
        <span
          class="navbar__title"
        >
          HOME
        </span>
      </div>
      <div
        class="navbar__content"
      >
        <a
          class="navbar__about-link"
          href="/6bb8ffe8-6e5e-4abc-be7f-b05b749849cf/our-story"
        >
          <img
            alt="about icon"
            class="navbar__icon"
            src="info.svg"
          />
        </a>
        <span
          class="navbar__title"
        >
          ABOUT
        </span>
      </div>
    </nav>
  </div>
</div>
`;
